#! /c/Source/iverilog-install/bin/vvp
:ivl_version "12.0 (devel)" "(s20150603-1110-g18392a46)";
:ivl_delay_selection "TYPICAL";
:vpi_time_precision - 12;
:vpi_module "C:\iverilog\lib\ivl\system.vpi";
:vpi_module "C:\iverilog\lib\ivl\vhdl_sys.vpi";
:vpi_module "C:\iverilog\lib\ivl\vhdl_textio.vpi";
:vpi_module "C:\iverilog\lib\ivl\v2005_math.vpi";
:vpi_module "C:\iverilog\lib\ivl\va_math.vpi";
S_000001cd752f4dd0 .scope module, "tb_OperacionImplementacion" "tb_OperacionImplementacion" 2 3;
 .timescale -9 -12;
v000001cd752f0fe0_0 .var "a", 3 0;
v000001cd752f1080_0 .var "andd", 0 0;
v000001cd752f0a40_0 .var "clk", 0 0;
v000001cd752f0ae0_0 .var/i "errores", 31 0;
v000001cd752f0540_0 .net "led", 2 0, v000001cd752f09a0_0;  1 drivers
v000001cd752f0860_0 .var "orr", 0 0;
v000001cd752f1120_0 .var "reset", 0 0;
v000001cd752f11c0_0 .var "sw", 3 0;
v000001cd752f1300_0 .net "y", 3 0, v000001cd752f0720_0;  1 drivers
E_000001cd752f3b40 .event negedge, v000001cd752f0680_0;
S_000001cd752aa060 .scope module, "DUT" "OperacionImplementacion" 2 18, 3 1 0, S_000001cd752f4dd0;
 .timescale 0 0;
    .port_info 0 /INPUT 1 "clk";
    .port_info 1 /INPUT 1 "andd";
    .port_info 2 /INPUT 1 "orr";
    .port_info 3 /INPUT 1 "reset";
    .port_info 4 /INPUT 4 "a";
    .port_info 5 /INPUT 4 "sw";
    .port_info 6 /OUTPUT 3 "led";
    .port_info 7 /OUTPUT 4 "y";
P_000001cd752aa1f0 .param/l "AND_ST" 1 3 15, C4<10>;
P_000001cd752aa228 .param/l "OFF_ST" 1 3 13, C4<00>;
P_000001cd752aa260 .param/l "OR_ST" 1 3 14, C4<01>;
v000001cd752f0f40_0 .net "a", 3 0, v000001cd752f0fe0_0;  1 drivers
v000001cd752f0c20_0 .net "andd", 0 0, v000001cd752f1080_0;  1 drivers
v000001cd752f0680_0 .net "clk", 0 0, v000001cd752f0a40_0;  1 drivers
v000001cd752f09a0_0 .var "led", 2 0;
v000001cd752f0cc0_0 .net "orr", 0 0, v000001cd752f0860_0;  1 drivers
v000001cd752f0e00_0 .net "reset", 0 0, v000001cd752f1120_0;  1 drivers
v000001cd752f0b80_0 .var "state", 1 0;
v000001cd752f1260_0 .net "sw", 3 0, v000001cd752f11c0_0;  1 drivers
v000001cd752f0720_0 .var "y", 3 0;
E_000001cd752f41c0 .event anyedge, v000001cd752f0b80_0, v000001cd752f0f40_0, v000001cd752f1260_0;
E_000001cd752f4640 .event posedge, v000001cd752f0e00_0, v000001cd752f0680_0;
S_000001cd752e6f70 .scope task, "check_output" "check_output" 2 34, 2 34 0, S_000001cd752f4dd0;
 .timescale -9 -12;
v000001cd752f07c0_0 .var "etiqueta", 319 0;
v000001cd752f0d60_0 .var "led_esp", 2 0;
v000001cd752f0ea0_0 .var "y_esp", 3 0;
TD_tb_OperacionImplementacion.check_output ;
    %load/vec4 v000001cd752f1300_0;
    %load/vec4 v000001cd752f0ea0_0;
    %cmp/ne;
    %flag_mov 8, 6;
    %load/vec4 v000001cd752f0540_0;
    %load/vec4 v000001cd752f0d60_0;
    %cmp/ne;
    %flag_or 6, 8;
    %jmp/0xz  T_0.0, 6;
    %load/vec4 v000001cd752f0ae0_0;
    %addi 1, 0, 32;
    %store/vec4 v000001cd752f0ae0_0, 0, 32;
    %vpi_call 2 41 "$display", "[FALLO] t=%0t %-0s | esperado y=%b led=%b | obtenido y=%b led=%b", $time, v000001cd752f07c0_0, v000001cd752f0ea0_0, v000001cd752f0d60_0, v000001cd752f1300_0, v000001cd752f0540_0 {0 0 0};
    %jmp T_0.1;
T_0.0 ;
    %vpi_call 2 44 "$display", "[OK]    t=%0t %-0s | y=%b led=%b", $time, v000001cd752f07c0_0, v000001cd752f1300_0, v000001cd752f0540_0 {0 0 0};
T_0.1 ;
    %end;
    .scope S_000001cd752aa060;
T_1 ;
    %pushi/vec4 0, 0, 2;
    %store/vec4 v000001cd752f0b80_0, 0, 2;
    %end;
    .thread T_1;
    .scope S_000001cd752aa060;
T_2 ;
    %wait E_000001cd752f4640;
    %load/vec4 v000001cd752f0e00_0;
    %flag_set/vec4 8;
    %jmp/0xz  T_2.0, 8;
    %pushi/vec4 0, 0, 2;
    %assign/vec4 v000001cd752f0b80_0, 0;
    %jmp T_2.1;
T_2.0 ;
    %load/vec4 v000001cd752f0c20_0;
    %load/vec4 v000001cd752f0cc0_0;
    %concat/vec4; draw_concat_vec4
    %dup/vec4;
    %pushi/vec4 2, 0, 2;
    %cmp/u;
    %jmp/1 T_2.2, 6;
    %dup/vec4;
    %pushi/vec4 1, 0, 2;
    %cmp/u;
    %jmp/1 T_2.3, 6;
    %pushi/vec4 0, 0, 2;
    %assign/vec4 v000001cd752f0b80_0, 0;
    %jmp T_2.5;
T_2.2 ;
    %pushi/vec4 2, 0, 2;
    %assign/vec4 v000001cd752f0b80_0, 0;
    %jmp T_2.5;
T_2.3 ;
    %pushi/vec4 1, 0, 2;
    %assign/vec4 v000001cd752f0b80_0, 0;
    %jmp T_2.5;
T_2.5 ;
    %pop/vec4 1;
T_2.1 ;
    %jmp T_2;
    .thread T_2;
    .scope S_000001cd752aa060;
T_3 ;
    %wait E_000001cd752f41c0;
    %load/vec4 v000001cd752f0b80_0;
    %dup/vec4;
    %pushi/vec4 2, 0, 2;
    %cmp/u;
    %jmp/1 T_3.0, 6;
    %dup/vec4;
    %pushi/vec4 1, 0, 2;
    %cmp/u;
    %jmp/1 T_3.1, 6;
    %pushi/vec4 0, 0, 4;
    %store/vec4 v000001cd752f0720_0, 0, 4;
    %pushi/vec4 4, 0, 3;
    %store/vec4 v000001cd752f09a0_0, 0, 3;
    %jmp T_3.3;
T_3.0 ;
    %load/vec4 v000001cd752f0f40_0;
    %load/vec4 v000001cd752f1260_0;
    %and;
    %store/vec4 v000001cd752f0720_0, 0, 4;
    %pushi/vec4 1, 0, 3;
    %store/vec4 v000001cd752f09a0_0, 0, 3;
    %jmp T_3.3;
T_3.1 ;
    %load/vec4 v000001cd752f0f40_0;
    %load/vec4 v000001cd752f1260_0;
    %or;
    %store/vec4 v000001cd752f0720_0, 0, 4;
    %pushi/vec4 2, 0, 3;
    %store/vec4 v000001cd752f09a0_0, 0, 3;
    %jmp T_3.3;
T_3.3 ;
    %pop/vec4 1;
    %jmp T_3;
    .thread T_3, $push;
    .scope S_000001cd752f4dd0;
T_4 ;
    %pushi/vec4 0, 0, 32;
    %store/vec4 v000001cd752f0ae0_0, 0, 32;
    %end;
    .thread T_4;
    .scope S_000001cd752f4dd0;
T_5 ;
    %pushi/vec4 0, 0, 1;
    %store/vec4 v000001cd752f0a40_0, 0, 1;
    %end;
    .thread T_5;
    .scope S_000001cd752f4dd0;
T_6 ;
    %delay 4000, 0;
    %load/vec4 v000001cd752f0a40_0;
    %inv;
    %store/vec4 v000001cd752f0a40_0, 0, 1;
    %jmp T_6;
    .thread T_6;
    .scope S_000001cd752f4dd0;
T_7 ;
    %vpi_call 2 51 "$dumpfile", "OperacionImplementacion.vcd" {0 0 0};
    %vpi_call 2 52 "$dumpvars", 32'sb00000000000000000000000000000000, S_000001cd752f4dd0 {0 0 0};
    %pushi/vec4 0, 0, 1;
    %store/vec4 v000001cd752f1080_0, 0, 1;
    %pushi/vec4 0, 0, 1;
    %store/vec4 v000001cd752f0860_0, 0, 1;
    %pushi/vec4 1, 0, 1;
    %store/vec4 v000001cd752f1120_0, 0, 1;
    %pushi/vec4 0, 0, 4;
    %store/vec4 v000001cd752f0fe0_0, 0, 4;
    %pushi/vec4 0, 0, 4;
    %store/vec4 v000001cd752f11c0_0, 0, 4;
    %wait E_000001cd752f3b40;
    %wait E_000001cd752f3b40;
    %pushi/vec4 0, 0, 4;
    %store/vec4 v000001cd752f0ea0_0, 0, 4;
    %pushi/vec4 4, 0, 3;
    %store/vec4 v000001cd752f0d60_0, 0, 3;
    %pushi/vec4 0, 0, 32; draw_string_vec4
    %pushi/vec4 0, 0, 32; draw_string_vec4
    %concat/vec4; draw_string_vec4
    %pushi/vec4 0, 0, 32; draw_string_vec4
    %concat/vec4; draw_string_vec4
    %pushi/vec4 0, 0, 32; draw_string_vec4
    %concat/vec4; draw_string_vec4
    %pushi/vec4 0, 0, 32; draw_string_vec4
    %concat/vec4; draw_string_vec4
    %pushi/vec4 21093, 0, 32; draw_string_vec4
    %concat/vec4; draw_string_vec4
    %pushi/vec4 1936028704, 0, 32; draw_string_vec4
    %concat/vec4; draw_string_vec4
    %pushi/vec4 1633907817, 0, 32; draw_string_vec4
    %concat/vec4; draw_string_vec4
    %pushi/vec4 1986994216, 0, 32; draw_string_vec4
    %concat/vec4; draw_string_vec4
    %pushi/vec4 1330005545, 0, 32; draw_string_vec4
    %concat/vec4; draw_string_vec4
    %store/vec4 v000001cd752f07c0_0, 0, 320;
    %fork TD_tb_OperacionImplementacion.check_output, S_000001cd752e6f70;
    %join;
    %pushi/vec4 0, 0, 1;
    %store/vec4 v000001cd752f1120_0, 0, 1;
    %pushi/vec4 12, 0, 4;
    %store/vec4 v000001cd752f0fe0_0, 0, 4;
    %pushi/vec4 10, 0, 4;
    %store/vec4 v000001cd752f11c0_0, 0, 4;
    %pushi/vec4 0, 0, 1;
    %store/vec4 v000001cd752f1080_0, 0, 1;
    %pushi/vec4 0, 0, 1;
    %store/vec4 v000001cd752f0860_0, 0, 1;
    %wait E_000001cd752f3b40;
    %wait E_000001cd752f3b40;
    %pushi/vec4 0, 0, 4;
    %store/vec4 v000001cd752f0ea0_0, 0, 4;
    %pushi/vec4 4, 0, 3;
    %store/vec4 v000001cd752f0d60_0, 0, 3;
    %pushi/vec4 0, 0, 32; draw_string_vec4
    %pushi/vec4 0, 0, 32; draw_string_vec4
    %concat/vec4; draw_string_vec4
    %pushi/vec4 0, 0, 32; draw_string_vec4
    %concat/vec4; draw_string_vec4
    %pushi/vec4 0, 0, 32; draw_string_vec4
    %concat/vec4; draw_string_vec4
    %pushi/vec4 0, 0, 32; draw_string_vec4
    %concat/vec4; draw_string_vec4
    %pushi/vec4 24942, 0, 32; draw_string_vec4
    %concat/vec4; draw_string_vec4
    %pushi/vec4 1684290864, 0, 32; draw_string_vec4
    %concat/vec4; draw_string_vec4
    %pushi/vec4 544174706, 0, 32; draw_string_vec4
    %concat/vec4; draw_string_vec4
    %pushi/vec4 1026564136, 0, 32; draw_string_vec4
    %concat/vec4; draw_string_vec4
    %pushi/vec4 1330005545, 0, 32; draw_string_vec4
    %concat/vec4; draw_string_vec4
    %store/vec4 v000001cd752f07c0_0, 0, 320;
    %fork TD_tb_OperacionImplementacion.check_output, S_000001cd752e6f70;
    %join;
    %pushi/vec4 0, 0, 1;
    %store/vec4 v000001cd752f1080_0, 0, 1;
    %pushi/vec4 1, 0, 1;
    %store/vec4 v000001cd752f0860_0, 0, 1;
    %wait E_000001cd752f3b40;
    %wait E_000001cd752f3b40;
    %load/vec4 v000001cd752f0fe0_0;
    %load/vec4 v000001cd752f11c0_0;
    %or;
    %store/vec4 v000001cd752f0ea0_0, 0, 4;
    %pushi/vec4 2, 0, 3;
    %store/vec4 v000001cd752f0d60_0, 0, 3;
    %pushi/vec4 0, 0, 32; draw_string_vec4
    %pushi/vec4 0, 0, 32; draw_string_vec4
    %concat/vec4; draw_string_vec4
    %pushi/vec4 0, 0, 32; draw_string_vec4
    %concat/vec4; draw_string_vec4
    %pushi/vec4 0, 0, 32; draw_string_vec4
    %concat/vec4; draw_string_vec4
    %pushi/vec4 0, 0, 32; draw_string_vec4
    %concat/vec4; draw_string_vec4
    %pushi/vec4 97, 0, 32; draw_string_vec4
    %concat/vec4; draw_string_vec4
    %pushi/vec4 1852073021, 0, 32; draw_string_vec4
    %concat/vec4; draw_string_vec4
    %pushi/vec4 807432050, 0, 32; draw_string_vec4
    %concat/vec4; draw_string_vec4
    %pushi/vec4 1916612896, 0, 32; draw_string_vec4
    %concat/vec4; draw_string_vec4
    %pushi/vec4 676287017, 0, 32; draw_string_vec4
    %concat/vec4; draw_string_vec4
    %store/vec4 v000001cd752f07c0_0, 0, 320;
    %fork TD_tb_OperacionImplementacion.check_output, S_000001cd752e6f70;
    %join;
    %pushi/vec4 6, 0, 4;
    %store/vec4 v000001cd752f0fe0_0, 0, 4;
    %pushi/vec4 3, 0, 4;
    %store/vec4 v000001cd752f11c0_0, 0, 4;
    %wait E_000001cd752f3b40;
    %load/vec4 v000001cd752f0fe0_0;
    %load/vec4 v000001cd752f11c0_0;
    %or;
    %store/vec4 v000001cd752f0ea0_0, 0, 4;
    %pushi/vec4 2, 0, 3;
    %store/vec4 v000001cd752f0d60_0, 0, 3;
    %pushi/vec4 0, 0, 32; draw_string_vec4
    %pushi/vec4 0, 0, 32; draw_string_vec4
    %concat/vec4; draw_string_vec4
    %pushi/vec4 0, 0, 32; draw_string_vec4
    %concat/vec4; draw_string_vec4
    %pushi/vec4 0, 0, 32; draw_string_vec4
    %concat/vec4; draw_string_vec4
    %pushi/vec4 5198368, 0, 32; draw_string_vec4
    %concat/vec4; draw_string_vec4
    %pushi/vec4 1668247072, 0, 32; draw_string_vec4
    %concat/vec4; draw_string_vec4
    %pushi/vec4 1853187446, 0, 32; draw_string_vec4
    %concat/vec4; draw_string_vec4
    %pushi/vec4 1869815919, 0, 32; draw_string_vec4
    %concat/vec4; draw_string_vec4
    %pushi/vec4 1885696609, 0, 32; draw_string_vec4
    %concat/vec4; draw_string_vec4
    %pushi/vec4 1852075891, 0, 32; draw_string_vec4
    %concat/vec4; draw_string_vec4
    %store/vec4 v000001cd752f07c0_0, 0, 320;
    %fork TD_tb_OperacionImplementacion.check_output, S_000001cd752e6f70;
    %join;
    %pushi/vec4 1, 0, 1;
    %store/vec4 v000001cd752f1080_0, 0, 1;
    %pushi/vec4 0, 0, 1;
    %store/vec4 v000001cd752f0860_0, 0, 1;
    %wait E_000001cd752f3b40;
    %wait E_000001cd752f3b40;
    %load/vec4 v000001cd752f0fe0_0;
    %load/vec4 v000001cd752f11c0_0;
    %and;
    %store/vec4 v000001cd752f0ea0_0, 0, 4;
    %pushi/vec4 1, 0, 3;
    %store/vec4 v000001cd752f0d60_0, 0, 3;
    %pushi/vec4 0, 0, 32; draw_string_vec4
    %pushi/vec4 0, 0, 32; draw_string_vec4
    %concat/vec4; draw_string_vec4
    %pushi/vec4 0, 0, 32; draw_string_vec4
    %concat/vec4; draw_string_vec4
    %pushi/vec4 0, 0, 32; draw_string_vec4
    %concat/vec4; draw_string_vec4
    %pushi/vec4 0, 0, 32; draw_string_vec4
    %concat/vec4; draw_string_vec4
    %pushi/vec4 24942, 0, 32; draw_string_vec4
    %concat/vec4; draw_string_vec4
    %pushi/vec4 1684290865, 0, 32; draw_string_vec4
    %concat/vec4; draw_string_vec4
    %pushi/vec4 544174706, 0, 32; draw_string_vec4
    %concat/vec4; draw_string_vec4
    %pushi/vec4 1026564136, 0, 32; draw_string_vec4
    %concat/vec4; draw_string_vec4
    %pushi/vec4 1095648297, 0, 32; draw_string_vec4
    %concat/vec4; draw_string_vec4
    %store/vec4 v000001cd752f07c0_0, 0, 320;
    %fork TD_tb_OperacionImplementacion.check_output, S_000001cd752e6f70;
    %join;
    %pushi/vec4 15, 0, 4;
    %store/vec4 v000001cd752f0fe0_0, 0, 4;
    %pushi/vec4 10, 0, 4;
    %store/vec4 v000001cd752f11c0_0, 0, 4;
    %wait E_000001cd752f3b40;
    %load/vec4 v000001cd752f0fe0_0;
    %load/vec4 v000001cd752f11c0_0;
    %and;
    %store/vec4 v000001cd752f0ea0_0, 0, 4;
    %pushi/vec4 1, 0, 3;
    %store/vec4 v000001cd752f0d60_0, 0, 3;
    %pushi/vec4 0, 0, 32; draw_string_vec4
    %pushi/vec4 0, 0, 32; draw_string_vec4
    %concat/vec4; draw_string_vec4
    %pushi/vec4 0, 0, 32; draw_string_vec4
    %concat/vec4; draw_string_vec4
    %pushi/vec4 0, 0, 32; draw_string_vec4
    %concat/vec4; draw_string_vec4
    %pushi/vec4 1095648288, 0, 32; draw_string_vec4
    %concat/vec4; draw_string_vec4
    %pushi/vec4 1668247072, 0, 32; draw_string_vec4
    %concat/vec4; draw_string_vec4
    %pushi/vec4 1853187446, 0, 32; draw_string_vec4
    %concat/vec4; draw_string_vec4
    %pushi/vec4 1869815919, 0, 32; draw_string_vec4
    %concat/vec4; draw_string_vec4
    %pushi/vec4 1885696609, 0, 32; draw_string_vec4
    %concat/vec4; draw_string_vec4
    %pushi/vec4 1852075891, 0, 32; draw_string_vec4
    %concat/vec4; draw_string_vec4
    %store/vec4 v000001cd752f07c0_0, 0, 320;
    %fork TD_tb_OperacionImplementacion.check_output, S_000001cd752e6f70;
    %join;
    %pushi/vec4 1, 0, 1;
    %store/vec4 v000001cd752f1080_0, 0, 1;
    %pushi/vec4 1, 0, 1;
    %store/vec4 v000001cd752f0860_0, 0, 1;
    %wait E_000001cd752f3b40;
    %wait E_000001cd752f3b40;
    %pushi/vec4 0, 0, 4;
    %store/vec4 v000001cd752f0ea0_0, 0, 4;
    %pushi/vec4 4, 0, 3;
    %store/vec4 v000001cd752f0d60_0, 0, 3;
    %pushi/vec4 0, 0, 32; draw_string_vec4
    %pushi/vec4 0, 0, 32; draw_string_vec4
    %concat/vec4; draw_string_vec4
    %pushi/vec4 24942, 0, 32; draw_string_vec4
    %concat/vec4; draw_string_vec4
    %pushi/vec4 1684290865, 0, 32; draw_string_vec4
    %concat/vec4; draw_string_vec4
    %pushi/vec4 544174706, 0, 32; draw_string_vec4
    %concat/vec4; draw_string_vec4
    %pushi/vec4 1026629672, 0, 32; draw_string_vec4
    %concat/vec4; draw_string_vec4
    %pushi/vec4 1330005536, 0, 32; draw_string_vec4
    %concat/vec4; draw_string_vec4
    %pushi/vec4 1886351904, 0, 32; draw_string_vec4
    %concat/vec4; draw_string_vec4
    %pushi/vec4 1684366949, 0, 32; draw_string_vec4
    %concat/vec4; draw_string_vec4
    %pushi/vec4 1668575017, 0, 32; draw_string_vec4
    %concat/vec4; draw_string_vec4
    %store/vec4 v000001cd752f07c0_0, 0, 320;
    %fork TD_tb_OperacionImplementacion.check_output, S_000001cd752e6f70;
    %join;
    %pushi/vec4 1, 0, 1;
    %store/vec4 v000001cd752f1080_0, 0, 1;
    %pushi/vec4 0, 0, 1;
    %store/vec4 v000001cd752f0860_0, 0, 1;
    %wait E_000001cd752f3b40;
    %wait E_000001cd752f3b40;
    %load/vec4 v000001cd752f0fe0_0;
    %load/vec4 v000001cd752f11c0_0;
    %and;
    %store/vec4 v000001cd752f0ea0_0, 0, 4;
    %pushi/vec4 1, 0, 3;
    %store/vec4 v000001cd752f0d60_0, 0, 3;
    %pushi/vec4 22133, 0, 32; draw_string_vec4
    %pushi/vec4 1701606497, 0, 32; draw_string_vec4
    %concat/vec4; draw_string_vec4
    %pushi/vec4 543236161, 0, 32; draw_string_vec4
    %concat/vec4; draw_string_vec4
    %pushi/vec4 1313087585, 0, 32; draw_string_vec4
    %concat/vec4; draw_string_vec4
    %pushi/vec4 1853121907, 0, 32; draw_string_vec4
    %concat/vec4; draw_string_vec4
    %pushi/vec4 543450476, 0, 32; draw_string_vec4
    %concat/vec4; draw_string_vec4
    %pushi/vec4 544367987, 0, 32; draw_string_vec4
    %concat/vec4; draw_string_vec4
    %pushi/vec4 1702109281, 0, 32; draw_string_vec4
    %concat/vec4; draw_string_vec4
    %pushi/vec4 1936289379, 0, 32; draw_string_vec4
    %concat/vec4; draw_string_vec4
    %pushi/vec4 1919905391, 0, 32; draw_string_vec4
    %concat/vec4; draw_string_vec4
    %store/vec4 v000001cd752f07c0_0, 0, 320;
    %fork TD_tb_OperacionImplementacion.check_output, S_000001cd752e6f70;
    %join;
    %delay 2000, 0;
    %pushi/vec4 1, 0, 1;
    %store/vec4 v000001cd752f1120_0, 0, 1;
    %delay 1000, 0;
    %pushi/vec4 0, 0, 4;
    %store/vec4 v000001cd752f0ea0_0, 0, 4;
    %pushi/vec4 4, 0, 3;
    %store/vec4 v000001cd752f0d60_0, 0, 3;
    %pushi/vec4 5399923, 0, 32; draw_string_vec4
    %pushi/vec4 1702109281, 0, 32; draw_string_vec4
    %concat/vec4; draw_string_vec4
    %pushi/vec4 1936289379, 0, 32; draw_string_vec4
    %concat/vec4; draw_string_vec4
    %pushi/vec4 1919905391, 0, 32; draw_string_vec4
    %concat/vec4; draw_string_vec4
    %pushi/vec4 543584114, 0, 32; draw_string_vec4
    %concat/vec4; draw_string_vec4
    %pushi/vec4 2053203055, 0, 32; draw_string_vec4
    %concat/vec4; draw_string_vec4
    %pushi/vec4 539512646, 0, 32; draw_string_vec4
    %concat/vec4; draw_string_vec4
    %pushi/vec4 1176529262, 0, 32; draw_string_vec4
    %concat/vec4; draw_string_vec4
    %pushi/vec4 1835361385, 0, 32; draw_string_vec4
    %concat/vec4; draw_string_vec4
    %pushi/vec4 1635020585, 0, 32; draw_string_vec4
    %concat/vec4; draw_string_vec4
    %store/vec4 v000001cd752f07c0_0, 0, 320;
    %fork TD_tb_OperacionImplementacion.check_output, S_000001cd752e6f70;
    %join;
    %delay 3000, 0;
    %pushi/vec4 0, 0, 1;
    %store/vec4 v000001cd752f1120_0, 0, 1;
    %wait E_000001cd752f3b40;
    %wait E_000001cd752f3b40;
    %load/vec4 v000001cd752f0fe0_0;
    %load/vec4 v000001cd752f11c0_0;
    %and;
    %store/vec4 v000001cd752f0ea0_0, 0, 4;
    %pushi/vec4 1, 0, 3;
    %store/vec4 v000001cd752f0d60_0, 0, 3;
    %pushi/vec4 3829458122, 0, 33;
    %concati/vec4 3872057432, 0, 32;
    %concati/vec4 2178536853, 0, 33;
    %concati/vec4 2983826561, 0, 32;
    %concati/vec4 2223047993, 0, 32;
    %concati/vec4 2214923309, 0, 35;
    %concati/vec4 3431761830, 0, 32;
    %concati/vec4 2419701689, 0, 34;
    %concati/vec4 3123885876, 0, 32;
    %concati/vec4 23359273, 0, 25;
    %store/vec4 v000001cd752f07c0_0, 0, 320;
    %fork TD_tb_OperacionImplementacion.check_output, S_000001cd752e6f70;
    %join;
    %pushi/vec4 1, 0, 1;
    %store/vec4 v000001cd752f1080_0, 0, 1;
    %pushi/vec4 0, 0, 1;
    %store/vec4 v000001cd752f0860_0, 0, 1;
    %pushi/vec4 0, 0, 4;
    %store/vec4 v000001cd752f0fe0_0, 0, 4;
    %pushi/vec4 4, 0, 32;
T_7.0 %dup/vec4;
    %pushi/vec4 0, 0, 32;
    %cmp/s;
    %jmp/1xz T_7.1, 5;
    %jmp/1 T_7.1, 4;
    %pushi/vec4 1, 0, 32;
    %sub;
    %pushi/vec4 0, 0, 4;
    %store/vec4 v000001cd752f11c0_0, 0, 4;
    %pushi/vec4 4, 0, 32;
T_7.2 %dup/vec4;
    %pushi/vec4 0, 0, 32;
    %cmp/s;
    %jmp/1xz T_7.3, 5;
    %jmp/1 T_7.3, 4;
    %pushi/vec4 1, 0, 32;
    %sub;
    %wait E_000001cd752f3b40;
    %load/vec4 v000001cd752f0fe0_0;
    %load/vec4 v000001cd752f11c0_0;
    %and;
    %store/vec4 v000001cd752f0ea0_0, 0, 4;
    %pushi/vec4 1, 0, 3;
    %store/vec4 v000001cd752f0d60_0, 0, 3;
    %pushi/vec4 0, 0, 32; draw_string_vec4
    %pushi/vec4 0, 0, 32; draw_string_vec4
    %concat/vec4; draw_string_vec4
    %pushi/vec4 0, 0, 32; draw_string_vec4
    %concat/vec4; draw_string_vec4
    %pushi/vec4 0, 0, 32; draw_string_vec4
    %concat/vec4; draw_string_vec4
    %pushi/vec4 0, 0, 32; draw_string_vec4
    %concat/vec4; draw_string_vec4
    %pushi/vec4 0, 0, 32; draw_string_vec4
    %concat/vec4; draw_string_vec4
    %pushi/vec4 0, 0, 32; draw_string_vec4
    %concat/vec4; draw_string_vec4
    %pushi/vec4 4350322, 0, 32; draw_string_vec4
    %concat/vec4; draw_string_vec4
    %pushi/vec4 1919509615, 0, 32; draw_string_vec4
    %concat/vec4; draw_string_vec4
    %pushi/vec4 541150788, 0, 32; draw_string_vec4
    %concat/vec4; draw_string_vec4
    %store/vec4 v000001cd752f07c0_0, 0, 320;
    %fork TD_tb_OperacionImplementacion.check_output, S_000001cd752e6f70;
    %join;
    %load/vec4 v000001cd752f11c0_0;
    %addi 5, 0, 4;
    %store/vec4 v000001cd752f11c0_0, 0, 4;
    %jmp T_7.2;
T_7.3 ;
    %pop/vec4 1;
    %load/vec4 v000001cd752f0fe0_0;
    %addi 3, 0, 4;
    %store/vec4 v000001cd752f0fe0_0, 0, 4;
    %jmp T_7.0;
T_7.1 ;
    %pop/vec4 1;
    %wait E_000001cd752f3b40;
    %load/vec4 v000001cd752f0ae0_0;
    %cmpi/e 0, 0, 32;
    %jmp/0xz  T_7.4, 4;
    %vpi_call 2 126 "$display", "\012==== TESTBENCH COMPLETO: TODOS LOS CASOS PASARON ====" {0 0 0};
    %jmp T_7.5;
T_7.4 ;
    %vpi_call 2 128 "$display", "\012==== TESTBENCH COMPLETO: %0d FALLO(S) DETECTADO(S) ====", v000001cd752f0ae0_0 {0 0 0};
T_7.5 ;
    %vpi_call 2 130 "$finish" {0 0 0};
    %end;
    .thread T_7;
# The file index is used to find the file name in the following table.
:file_names 4;
    "N/A";
    "<interactive>";
    "tb_OperacionImplementacion.v";
    "OperacionImplementacion.v";
